C:\projects\Semafor\Logical\Global.typ
C:\projects\Semafor\Logical\Global.var
C:\projects\Semafor\Logical\Libraries\runtime\runtime.fun
C:\projects\Semafor\Logical\Libraries\runtime\runtime.typ
C:\projects\Semafor\Logical\Libraries\runtime\runtime.var
C:\projects\Semafor\Logical\Libraries\operator\operator.fun
C:\projects\Semafor\Logical\Libraries\operator\operator.typ
C:\projects\Semafor\Logical\Libraries\operator\operator.var
C:\projects\Semafor\Logical\Libraries\astime\astime.fun
C:\projects\Semafor\Logical\Libraries\astime\astime.typ
C:\projects\Semafor\Logical\Libraries\astime\astime.var
C:\projects\Semafor\Logical\Libraries\AsIecCon\AsIecCon.fun
C:\projects\Semafor\Logical\Libraries\AsIecCon\AsIecCon.typ
C:\projects\Semafor\Logical\Libraries\AsIecCon\AsIecCon.var
C:\projects\Semafor\Logical\Libraries\SemaforLib\Types.typ
C:\projects\Semafor\Logical\Libraries\SemaforLib\Constants.var
C:\projects\Semafor\Logical\Libraries\SemaforLib\SemaforLib.fun
C:\projects\Semafor\Logical\Libraries\sys_lib\sys_lib.fun
C:\projects\Semafor\Logical\Libraries\sys_lib\sys_lib.typ
C:\projects\Semafor\Logical\Libraries\sys_lib\sys_lib.var
C:\projects\Semafor\Logical\Libraries\standard\standard.fun
C:\projects\Semafor\Logical\Libraries\standard\standard.typ
C:\projects\Semafor\Logical\Libraries\standard\standard.var
C:\projects\Semafor\Logical\Libraries\io_lib\io_lib.fun
C:\projects\Semafor\Logical\Libraries\io_lib\io_lib.typ
C:\projects\Semafor\Logical\Libraries\io_lib\io_lib.var
C:\projects\Semafor\Logical\Libraries\SafeMC\SafeMC.fun
C:\projects\Semafor\Logical\Libraries\SafeMC\SafeMC.typ
C:\projects\Semafor\Logical\Libraries\Acp10man\Acp10man.typ
C:\projects\Semafor\Logical\Libraries\Acp10par\Acp10par.var
C:\projects\Semafor\Logical\Libraries\NcGlobal\NcGlobal.fun
C:\projects\Semafor\Logical\Libraries\NcGlobal\NcGlobal.typ
C:\projects\Semafor\Logical\Libraries\NcGlobal\NcGlobal.var
C:\projects\Semafor\Logical\Libraries\LoopConR\LoopConR.var
C:\projects\Semafor\Logical\Libraries\LoopConR\LoopConR.typ
C:\projects\Semafor\Logical\Libraries\LoopConR\LoopConR.fun
C:\projects\Semafor\Logical\Libraries\brsystem\brsystem.fun
C:\projects\Semafor\Logical\Libraries\brsystem\brsystem.typ
C:\projects\Semafor\Logical\Libraries\brsystem\brsystem.var
